Using Vertex AI with project: desmystify
--- Testing FDP ---
Step 2a: Classifying document type...
Step 2b: Detected type FDP (Confidence: 1). Extracting fields...
Detected Type: FDP
Fields: [
  'program_name',
  'organizer',
  'date',
  'duration_days',
  'mode',
  'event_type',
  'location',
  'certificate_number',
  'brief_reflection',
  'academic_year'
]
Extracted Data: {
  "program_name": "Advanced AI in Education",
  "organizer": "IIT Bombay",
  "date": "2024-07-10",
  "duration_days": 6,
  "mode": "Online",
  "event_type": "Faculty Development Program",
  "location": null,
  "certificate_number": null,
  "brief_reflection": null,
  "academic_year": "2024-25"
}

--- Testing Membership ---
Step 2a: Classifying document type...
Step 2b: Detected type MEMBERSHIP (Confidence: 1). Extracting fields...
Detected Type: MEMBERSHIP
Fields: [ 'society_name', 'grade_level', 'brief_description', 'academic_year' ]
Extracted Data: {
  "society_name": "IEEE",
  "grade_level": "Senior Member",
  "brief_description": "The world's largest technical professional organization.",
  "academic_year": "2025-26"
}
